
int main()
{
  typedef int INT
  int x

    x
  ++
  ;
  while (
    1
  )
    {
      typedef int INT2
      int a
      int c

      for (
      ;
      ;
      )
        {
          typedef int arr[3]
          int *p[3]
          int q[3]
          int x
          int y
          int z

        }
    }
}
